Testing the Replicate API connection locally...